
Entire stream:
--------
Size: 22
Pos: 0
Eof: 0

Reading 5 bytes
Result: 'this '
Pos: 5
Eof: 0

Reading 5 bytes
Result: 'is a '
Pos: 10
Eof: 0

Reading 5 bytes
Result: 'test '
Pos: 15
Eof: 0

Reading 5 bytes
Result: 'strin'
Pos: 20
Eof: 0

Reading 2 bytes
Result: 'g!'
Pos: 22
Eof: 1

Capped stream:
--------
Size: 12
Pos: 0
Eof: 0

Reading 5 bytes
Result: ' is a'
Pos: 5
Eof: 0

Reading 5 bytes
Result: ' test'
Pos: 10
Eof: 0

Reading 2 bytes
Result: ' s'
Pos: 12
Eof: 1
