pos=0 eof=0
First 20 bytes: #include "../servers
pos=20 eof=0
First char of file: #
